Archive member included to satisfy reference by file (symbol)

c:/program files (x86)/atmel/studio/7.0/toolchain/arm/arm-gnu-toolchain/bin/../lib/gcc/arm-none-eabi/6.3.1/../../../../arm-none-eabi/lib/thumb/v7e-m\libc_nano.a(lib_a-exit.o)
                              c:/program files (x86)/atmel/studio/7.0/toolchain/arm/arm-gnu-toolchain/bin/../lib/gcc/arm-none-eabi/6.3.1/../../../../arm-none-eabi/lib/thumb/v7e-m/crt0.o (exit)
c:/program files (x86)/atmel/studio/7.0/toolchain/arm/arm-gnu-toolchain/bin/../lib/gcc/arm-none-eabi/6.3.1/../../../../arm-none-eabi/lib/thumb/v7e-m\libc_nano.a(lib_a-impure.o)
                              c:/program files (x86)/atmel/studio/7.0/toolchain/arm/arm-gnu-toolchain/bin/../lib/gcc/arm-none-eabi/6.3.1/../../../../arm-none-eabi/lib/thumb/v7e-m\libc_nano.a(lib_a-exit.o) (_global_impure_ptr)
c:/program files (x86)/atmel/studio/7.0/toolchain/arm/arm-gnu-toolchain/bin/../lib/gcc/arm-none-eabi/6.3.1/../../../../arm-none-eabi/lib/thumb/v7e-m\libc_nano.a(lib_a-init.o)
                              c:/program files (x86)/atmel/studio/7.0/toolchain/arm/arm-gnu-toolchain/bin/../lib/gcc/arm-none-eabi/6.3.1/../../../../arm-none-eabi/lib/thumb/v7e-m/crt0.o (__libc_init_array)
c:/program files (x86)/atmel/studio/7.0/toolchain/arm/arm-gnu-toolchain/bin/../lib/gcc/arm-none-eabi/6.3.1/../../../../arm-none-eabi/lib/thumb/v7e-m\libc_nano.a(lib_a-memcpy-stub.o)
                              thirdparty/RTOS/freertos/FreeRTOSV10.0.0/Source/queue.o (memcpy)
c:/program files (x86)/atmel/studio/7.0/toolchain/arm/arm-gnu-toolchain/bin/../lib/gcc/arm-none-eabi/6.3.1/../../../../arm-none-eabi/lib/thumb/v7e-m\libc_nano.a(lib_a-memset.o)
                              c:/program files (x86)/atmel/studio/7.0/toolchain/arm/arm-gnu-toolchain/bin/../lib/gcc/arm-none-eabi/6.3.1/../../../../arm-none-eabi/lib/thumb/v7e-m/crt0.o (memset)
c:/program files (x86)/atmel/studio/7.0/toolchain/arm/arm-gnu-toolchain/bin/../lib/gcc/arm-none-eabi/6.3.1/../../../../arm-none-eabi/lib/thumb/v7e-m\libc_nano.a(lib_a-printf.o)
                              hal/utils/src/utils_syscalls.o (printf)
c:/program files (x86)/atmel/studio/7.0/toolchain/arm/arm-gnu-toolchain/bin/../lib/gcc/arm-none-eabi/6.3.1/../../../../arm-none-eabi/lib/thumb/v7e-m\libc_nano.a(lib_a-strcpy.o)
                              thirdparty/RTOS/freertos/FreeRTOSV10.0.0/Source/tasks.o (strcpy)
c:/program files (x86)/atmel/studio/7.0/toolchain/arm/arm-gnu-toolchain/bin/../lib/gcc/arm-none-eabi/6.3.1/../../../../arm-none-eabi/lib/thumb/v7e-m\libc_nano.a(lib_a-strlen.o)
                              rtos_demo_main.o (strlen)
c:/program files (x86)/atmel/studio/7.0/toolchain/arm/arm-gnu-toolchain/bin/../lib/gcc/arm-none-eabi/6.3.1/../../../../arm-none-eabi/lib/thumb/v7e-m\libc_nano.a(lib_a-findfp.o)
                              c:/program files (x86)/atmel/studio/7.0/toolchain/arm/arm-gnu-toolchain/bin/../lib/gcc/arm-none-eabi/6.3.1/../../../../arm-none-eabi/lib/thumb/v7e-m\libc_nano.a(lib_a-printf.o) (__sinit)
c:/program files (x86)/atmel/studio/7.0/toolchain/arm/arm-gnu-toolchain/bin/../lib/gcc/arm-none-eabi/6.3.1/../../../../arm-none-eabi/lib/thumb/v7e-m\libc_nano.a(lib_a-fwalk.o)
                              c:/program files (x86)/atmel/studio/7.0/toolchain/arm/arm-gnu-toolchain/bin/../lib/gcc/arm-none-eabi/6.3.1/../../../../arm-none-eabi/lib/thumb/v7e-m\libc_nano.a(lib_a-findfp.o) (_fwalk)
c:/program files (x86)/atmel/studio/7.0/toolchain/arm/arm-gnu-toolchain/bin/../lib/gcc/arm-none-eabi/6.3.1/../../../../arm-none-eabi/lib/thumb/v7e-m\libc_nano.a(lib_a-nano-mallocr.o)
                              c:/program files (x86)/atmel/studio/7.0/toolchain/arm/arm-gnu-toolchain/bin/../lib/gcc/arm-none-eabi/6.3.1/../../../../arm-none-eabi/lib/thumb/v7e-m\libc_nano.a(lib_a-findfp.o) (_malloc_r)
c:/program files (x86)/atmel/studio/7.0/toolchain/arm/arm-gnu-toolchain/bin/../lib/gcc/arm-none-eabi/6.3.1/../../../../arm-none-eabi/lib/thumb/v7e-m\libc_nano.a(lib_a-nano-vfprintf.o)
                              c:/program files (x86)/atmel/studio/7.0/toolchain/arm/arm-gnu-toolchain/bin/../lib/gcc/arm-none-eabi/6.3.1/../../../../arm-none-eabi/lib/thumb/v7e-m\libc_nano.a(lib_a-printf.o) (_vfprintf_r)
c:/program files (x86)/atmel/studio/7.0/toolchain/arm/arm-gnu-toolchain/bin/../lib/gcc/arm-none-eabi/6.3.1/../../../../arm-none-eabi/lib/thumb/v7e-m\libc_nano.a(lib_a-nano-vfprintf_i.o)
                              c:/program files (x86)/atmel/studio/7.0/toolchain/arm/arm-gnu-toolchain/bin/../lib/gcc/arm-none-eabi/6.3.1/../../../../arm-none-eabi/lib/thumb/v7e-m\libc_nano.a(lib_a-nano-vfprintf.o) (_printf_i)
c:/program files (x86)/atmel/studio/7.0/toolchain/arm/arm-gnu-toolchain/bin/../lib/gcc/arm-none-eabi/6.3.1/../../../../arm-none-eabi/lib/thumb/v7e-m\libc_nano.a(lib_a-sbrkr.o)
[...]
Memory Configuration

Name             Origin             Length             Attributes
rom              0x00400000         0x00200000         xr
ram              0x20400000         0x00060000         xrw
*default*        0x00000000         0xffffffff

Linker script and memory map

LOAD c:/program files (x86)/atmel/studio/7.0/toolchain/arm/arm-gnu-toolchain/bin/../lib/gcc/arm-none-eabi/6.3.1/thumb/v7e-m/crti.o
LOAD c:/program files (x86)/atmel/studio/7.0/toolchain/arm/arm-gnu-toolchain/bin/../lib/gcc/arm-none-eabi/6.3.1/thumb/v7e-m/crtbegin.o
LOAD c:/program files (x86)/atmel/studio/7.0/toolchain/arm/arm-gnu-toolchain/bin/../lib/gcc/arm-none-eabi/6.3.1/../../../../arm-none-eabi/lib/thumb/v7e-m/crt0.o
LOAD atmel_start.o
LOAD Device_Startup/startup_samv71q21b.o
LOAD Device_Startup/system_samv71q21b.o
LOAD driver_init.o
LOAD examples/driver_examples.o
LOAD hal/src/hal_atomic.o
LOAD hal/src/hal_delay.o
LOAD hal/src/hal_gpio.o
LOAD hal/src/hal_init.o
LOAD hal/src/hal_io.o
LOAD hal/src/hal_sleep.o
LOAD hal/src/hal_usart_os.o
LOAD hal/utils/src/utils_assert.o
LOAD hal/utils/src/utils_event.o
LOAD hal/utils/src/utils_list.o
LOAD hal/utils/src/utils_ringbuffer.o
LOAD hal/utils/src/utils_syscalls.o
LOAD hpl/core/hpl_core_m7_base.o
LOAD hpl/core/hpl_init.o
LOAD hpl/pmc/hpl_pmc.o
LOAD hpl/pmc/hpl_sleep.o
LOAD hpl/usart/hpl_usart.o
LOAD hpl/xdmac/hpl_xdmac.o
LOAD rtos_demo_main.o
LOAD rtos_start.o
LOAD thirdparty/RTOS/freertos/FreeRTOSV10.0.0/rtos_port.o
LOAD thirdparty/RTOS/freertos/FreeRTOSV10.0.0/Source/croutine.o
LOAD thirdparty/RTOS/freertos/FreeRTOSV10.0.0/Source/event_groups.o
LOAD thirdparty/RTOS/freertos/FreeRTOSV10.0.0/Source/list.o
LOAD thirdparty/RTOS/freertos/FreeRTOSV10.0.0/Source/portable/GCC/ARM_CM7/port.o
LOAD thirdparty/RTOS/freertos/FreeRTOSV10.0.0/Source/portable/MemMang/heap_2.o
LOAD thirdparty/RTOS/freertos/FreeRTOSV10.0.0/Source/queue.o
LOAD thirdparty/RTOS/freertos/FreeRTOSV10.0.0/Source/stream_buffer.o
LOAD thirdparty/RTOS/freertos/FreeRTOSV10.0.0/Source/tasks.o
LOAD thirdparty/RTOS/freertos/FreeRTOSV10.0.0/Source/timers.o
START GROUP
LOAD c:/program files (x86)/atmel/studio/7.0/toolchain/arm/arm-gnu-toolchain/bin/../lib/gcc/arm-none-eabi/6.3.1/../../../../arm-none-eabi/lib/thumb/v7e-m\libm.a
END GROUP
START GROUP
LOAD c:/program files (x86)/atmel/studio/7.0/toolchain/arm/arm-gnu-toolchain/bin/../lib/gcc/arm-none-eabi/6.3.1/thumb/v7e-m\libgcc.a
LOAD c:/program files (x86)/atmel/studio/7.0/toolchain/arm/arm-gnu-toolchain/bin/../lib/gcc/arm-none-eabi/6.3.1/../../../../arm-none-eabi/lib/thumb/v7e-m\libc_nano.a
END GROUP
START GROUP
LOAD c:/program files (x86)/atmel/studio/7.0/toolchain/arm/arm-gnu-toolchain/bin/../lib/gcc/arm-none-eabi/6.3.1/thumb/v7e-m\libgcc.a
LOAD c:/program files (x86)/atmel/studio/7.0/toolchain/arm/arm-gnu-toolchain/bin/../lib/gcc/arm-none-eabi/6.3.1/../../../../arm-none-eabi/lib/thumb/v7e-m\libc_nano.a
END GROUP
LOAD c:/program files (x86)/atmel/studio/7.0/toolchain/arm/arm-gnu-toolchain/bin/../lib/gcc/arm-none-eabi/6.3.1/thumb/v7e-m/crtend.o
LOAD c:/program files (x86)/atmel/studio/7.0/toolchain/arm/arm-gnu-toolchain/bin/../lib/gcc/arm-none-eabi/6.3.1/thumb/v7e-m/crtn.o
                0x00000400                STACK_SIZE = DEFINED (STACK_SIZE)?STACK_SIZE:DEFINED (__stack_size__)?__stack_size__:0x400
                0x00000200                HEAP_SIZE = DEFINED (HEAP_SIZE)?HEAP_SIZE:DEFINED (__heap_size__)?__heap_size__:0x200

.text           0x00400000     0x3808
                0x00400000                . = ALIGN (0x4)
                0x00400000                _sfixed = .
 *(.vectors .vectors.*)
 .vectors       0x00400000      0x168 Device_Startup/startup_samv71q21b.o
                0x00400000                exception_table
 *(.text .text.* .gnu.linkonce.t.*)
 .text          0x00400168       0x6c c:/program files (x86)/atmel/studio/7.0/toolchain/arm/arm-gnu-toolchain/bin/../lib/gcc/arm-none-eabi/6.3.1/thumb/v7e-m/crtbegin.o
 .text.atmel_start_init
                0x004001d4        0xc atmel_start.o
                0x004001d4                atmel_start_init
 .text.Dummy_Handler
                0x004001e0        0x2 Device_Startup/startup_samv71q21b.o
                0x004001e0                DACC_Handler
                0x004001e0                UART3_Handler
                0x004001e0                UART2_Handler
                0x004001e0                TRNG_Handler
                0x004001e0                HardFault_Handler
                0x004001e0                TC2_Handler
                0x004001e0                AFEC1_Handler
                0x004001e0                TC7_Handler
                0x004001e0                QSPI_Handler
                0x004001e0                NonMaskableInt_Handler
                0x004001e0                ISI_Handler
                0x004001e0                MCAN0_INT0_Handler
                0x004001e0                TC9_Handler
                0x004001e0                RSWDT_Handler
                0x004001e0                USART0_Handler
                0x004001e0                RTT_Handler
                0x004001e0                USBHS_Handler
                0x004001e0                IXC_Handler
                0x004001e0                CCF_Handler
                0x004001e0                PIOB_Handler
                0x004001e0                RTC_Handler
                0x004001e0                UsageFault_Handler
                0x004001e0                TC6_Handler
                0x004001e0                WDT_Handler
                0x004001e0                MCAN1_INT1_Handler
                0x004001e0                TC4_Handler
                0x004001e0                TC1_Handler
                0x004001e0                HSMCI_Handler
                0x004001e0                UART1_Handler
                0x004001e0                TC3_Handler
                0x004001e0                Dummy_Handler
                0x004001e0                TWIHS1_Handler
                0x004001e0                XDMAC_Handler
                0x004001e0                UART4_Handler
                0x004001e0                PWM1_Handler
                0x004001e0                PWM0_Handler
                0x004001e0                PIOA_Handler
                0x004001e0                AFEC0_Handler
                0x004001e0                CCW_Handler
                0x004001e0                SSC_Handler
                0x004001e0                TC11_Handler
                0x004001e0                ACC_Handler
                0x004001e0                PMC_Handler
                0x004001e0                GMAC_Handler
                0x004001e0                MCAN0_INT1_Handler
                0x004001e0                GMAC_Q5_Handler
                0x004001e0                SUPC_Handler
                0x004001e0                TC8_Handler
                0x004001e0                MCAN1_INT0_Handler
                0x004001e0                EFC_Handler
                0x004001e0                GMAC_Q1_Handler
                0x004001e0                USART2_Handler
                0x004001e0                SDRAMC_Handler
                0x004001e0                GMAC_Q2_Handler
                0x004001e0                PIOE_Handler
                0x004001e0                SPI1_Handler
                0x004001e0                TC10_Handler
                0x004001e0                GMAC_Q3_Handler
                0x004001e0                PIOD_Handler
                0x004001e0                TWIHS2_Handler
                0x004001e0                MLB_Handler
                0x004001e0                I2SC0_Handler
                0x004001e0                UART0_Handler
                0x004001e0                I2SC1_Handler
                0x004001e0                PIOC_Handler
                0x004001e0                GMAC_Q4_Handler
                0x004001e0                FPU_Handler
                0x004001e0                BusFault_Handler
                0x004001e0                RSTC_Handler
                0x004001e0                TC0_Handler
                0x004001e0                MemoryManagement_Handler
                0x004001e0                DebugMonitor_Handler
                0x004001e0                TC5_Handler
                0x004001e0                ICM_Handler
                0x004001e0                AES_Handler
                0x004001e0                TWIHS0_Handler
                0x004001e0                SPI0_Handler
 *fill*         0x004001e2        0x2 
 .text.Reset_Handler
                0x004001e4       0x84 Device_Startup/startup_samv71q21b.o
                0x004001e4                Reset_Handler
 .text.EDBG_COM_PORT_init
                0x00400268       0x4c driver_init.o
                0x00400268                EDBG_COM_PORT_init
 .text.EDBG_COM_CLOCK_init
                0x004002b4       0x18 driver_init.o
                0x004002b4                EDBG_COM_CLOCK_init
 .text.EDBG_COM_init
                0x004002cc       0x58 driver_init.o
                0x004002cc                EDBG_COM_init
 .text.system_init
                0x00400324       0x48 driver_init.o
                0x00400324                system_init
 .text.atomic_enter_critical
                0x0040036c        0xe hal/src/hal_atomic.o
                0x0040036c                atomic_enter_critical
 .text.atomic_leave_critical
                0x0040037a        0xc hal/src/hal_atomic.o
                0x0040037a                atomic_leave_critical
 *fill*         0x00400386        0x2 
 .text.io_write
                0x00400388       0x30 hal/src/hal_io.o
                0x00400388                io_write
 .text.io_read  0x004003b8       0x30 hal/src/hal_io.o
                0x004003b8                io_read
 .text.usart_os_error
                0x004003e8       0x10 hal/src/hal_usart_os.o
 .text.usart_os_transmission_complete
                0x004003f8       0x10 hal/src/hal_usart_os.o
 .text.usart_os_fill_rx_buffer
                0x00400408       0x34 hal/src/hal_usart_os.o
 .text.usart_os_process_byte_sent
                0x0040043c       0x34 hal/src/hal_usart_os.o
 .text.usart_os_write
                0x00400470       0x38 hal/src/hal_usart_os.o
 .text.usart_os_read
                0x004004a8       0xb8 hal/src/hal_usart_os.o
 .text.usart_os_init
                0x00400560       0xf4 hal/src/hal_usart_os.o
                0x00400560                usart_os_init
 .text.usart_os_enable
                0x00400654       0x2c hal/src/hal_usart_os.o
                0x00400654                usart_os_enable
 .text.assert   0x00400680        0x6 hal/utils/src/utils_assert.o
                0x00400680                assert
 *fill*         0x00400686        0x2 
 .text.ringbuffer_init
                0x00400688       0x48 hal/utils/src/utils_ringbuffer.o
                0x00400688                ringbuffer_init
 .text.ringbuffer_get
                0x004006d0       0x44 hal/utils/src/utils_ringbuffer.o
                0x004006d0                ringbuffer_get
 .text.ringbuffer_put
                0x00400714       0x40 hal/utils/src/utils_ringbuffer.o
                0x00400714                ringbuffer_put
 .text.ringbuffer_num
                0x00400754       0x24 hal/utils/src/utils_ringbuffer.o
                0x00400754                ringbuffer_num
 .text._init_chip
                0x00400778       0x54 hpl/core/hpl_init.o
                0x00400778                _init_chip
 .text._pmc_init
                0x004007cc       0x8c hpl/pmc/hpl_pmc.o
                0x004007cc                _pmc_init
 .text._usart_get_hardware_index
                0x00400858       0x2c hpl/usart/hpl_usart.o
 .text._get_usart_index
                0x00400884       0x3c hpl/usart/hpl_usart.o
 .text._usart_init
                0x004008c0       0x68 hpl/usart/hpl_usart.o
 .text._usart_get_irq_num
                0x00400928       0x2c hpl/usart/hpl_usart.o
 .text._usart_async_init
                0x00400954       0xb4 hpl/usart/hpl_usart.o
                0x00400954                _usart_async_init
 .text._usart_async_enable
                0x00400a08       0x34 hpl/usart/hpl_usart.o
                0x00400a08                _usart_async_enable
 .text._usart_async_write_byte
                0x00400a3c       0x24 hpl/usart/hpl_usart.o
                0x00400a3c                _usart_async_write_byte
 .text._usart_async_enable_byte_sent_irq
                0x00400a60       0x24 hpl/usart/hpl_usart.o
                0x00400a60                _usart_async_enable_byte_sent_irq
 .text._usart_async_enable_tx_done_irq
                0x00400a84       0x28 hpl/usart/hpl_usart.o
                0x00400a84                _usart_async_enable_tx_done_irq
 .text._usart_async_set_irq_state
                0x00400aac       0x84 hpl/usart/hpl_usart.o
                0x00400aac                _usart_async_set_irq_state
 .text._usart_get_usart_async
                0x00400b30        0x4 hpl/usart/hpl_usart.o
                0x00400b30                _usart_get_usart_async
 .text.USART1_Handler
                0x00400b34       0xa8 hpl/usart/hpl_usart.o
                0x00400b34                USART1_Handler
 .text.task_led
                0x00400bdc       0x28 rtos_demo_main.o
 .text.str_write
                0x00400c04       0x20 rtos_demo_main.o
 .text.disp_mutex_give
                0x00400c24       0x1c rtos_demo_main.o
 .text.task_console
                0x00400c40      0x164 rtos_demo_main.o
 .text.main     0x00400da4       0xa4 rtos_demo_main.o
                0x00400da4                main
 .text.sprintu  0x00400e48       0x84 rtos_demo_main.o
                0x00400e48                sprintu
 .text.sprintf  0x00400ecc       0xe8 rtos_demo_main.o
                0x00400ecc                sprintf
 .text.task_monitor
                0x00400fb4       0xa0 rtos_demo_main.o
 .text.sem_init
                0x00401054       0x38 thirdparty/RTOS/freertos/FreeRTOSV10.0.0/rtos_port.o
                0x00401054                sem_init
 .text.sem_up   0x0040108c       0x44 thirdparty/RTOS/freertos/FreeRTOSV10.0.0/rtos_port.o
                0x0040108c                sem_up
 .text.sem_down
                0x004010d0       0x18 thirdparty/RTOS/freertos/FreeRTOSV10.0.0/rtos_port.o
                0x004010d0                sem_down
 .text.sem_deinit
                0x004010e8       0x20 thirdparty/RTOS/freertos/FreeRTOSV10.0.0/rtos_port.o
                0x004010e8                sem_deinit
 .text.vListInitialise
                0x00401108       0x16 thirdparty/RTOS/freertos/FreeRTOSV10.0.0/Source/list.o
                0x00401108                vListInitialise
 .text.vListInitialiseItem
                0x0040111e        0x6 thirdparty/RTOS/freertos/FreeRTOSV10.0.0/Source/list.o
                0x0040111e                vListInitialiseItem
 .text.vListInsertEnd
                0x00401124       0x18 thirdparty/RTOS/freertos/FreeRTOSV10.0.0/Source/list.o
                0x00401124                vListInsertEnd
 .text.vListInsert
                0x0040113c       0x34 thirdparty/RTOS/freertos/FreeRTOSV10.0.0/Source/list.o
                0x0040113c                vListInsert
 .text.uxListRemove
                0x00401170       0x28 thirdparty/RTOS/freertos/FreeRTOSV10.0.0/Source/list.o
                0x00401170                uxListRemove
 .text.prvTaskExitError
                0x00401198       0x48 thirdparty/RTOS/freertos/FreeRTOSV10.0.0/Source/portable/GCC/ARM_CM7/port.o
 .text.prvPortStartFirstTask
                0x004011e0       0x28 thirdparty/RTOS/freertos/FreeRTOSV10.0.0/Source/portable/GCC/ARM_CM7/port.o
 .text.vPortEnableVFP
                0x00401208       0x14 thirdparty/RTOS/freertos/FreeRTOSV10.0.0/Source/portable/GCC/ARM_CM7/port.o
 .text.pxPortInitialiseStack
                0x0040121c       0x2c thirdparty/RTOS/freertos/FreeRTOSV10.0.0/Source/portable/GCC/ARM_CM7/port.o
                0x0040121c                pxPortInitialiseStack
 *fill*         0x00401248        0x8 
 .text.SVCall_Handler
                0x00401250       0x24 thirdparty/RTOS/freertos/FreeRTOSV10.0.0/Source/portable/GCC/ARM_CM7/port.o
                0x00401250                SVCall_Handler
 .text.vPortEnterCritical
                0x00401274       0x4c thirdparty/RTOS/freertos/FreeRTOSV10.0.0/Source/portable/GCC/ARM_CM7/port.o
                0x00401274                vPortEnterCritical
 .text.vPortExitCritical
                0x004012c0       0x30 thirdparty/RTOS/freertos/FreeRTOSV10.0.0/Source/portable/GCC/ARM_CM7/port.o
                0x004012c0                vPortExitCritical
 .text.PendSV_Handler
                0x004012f0       0x64 thirdparty/RTOS/freertos/FreeRTOSV10.0.0/Source/portable/GCC/ARM_CM7/port.o
                0x004012f0                PendSV_Handler
 .text.SysTick_Handler
                0x00401354       0x34 thirdparty/RTOS/freertos/FreeRTOSV10.0.0/Source/portable/GCC/ARM_CM7/port.o
                0x00401354                SysTick_Handler
 .text.vPortSetupTimerInterrupt
                0x00401388       0x28 thirdparty/RTOS/freertos/FreeRTOSV10.0.0/Source/portable/GCC/ARM_CM7/port.o
                0x00401388                vPortSetupTimerInterrupt
 .text.xPortStartScheduler
                0x004013b0       0xe4 thirdparty/RTOS/freertos/FreeRTOSV10.0.0/Source/portable/GCC/ARM_CM7/port.o
                0x004013b0                xPortStartScheduler
 .text.vPortValidateInterruptPriority
                0x00401494       0x60 thirdparty/RTOS/freertos/FreeRTOSV10.0.0/Source/portable/GCC/ARM_CM7/port.o
                0x00401494                vPortValidateInterruptPriority
 .text.pvPortMalloc
                0x004014f4       0xd0 thirdparty/RTOS/freertos/FreeRTOSV10.0.0/Source/portable/MemMang/heap_2.o
                0x004014f4                pvPortMalloc
 .text.vPortFree
                0x004015c4       0x4c thirdparty/RTOS/freertos/FreeRTOSV10.0.0/Source/portable/MemMang/heap_2.o
                0x004015c4                vPortFree
 .text.prvIsQueueEmpty
                0x00401610       0x20 thirdparty/RTOS/freertos/FreeRTOSV10.0.0/Source/queue.o
 .text.prvCopyDataToQueue
                0x00401630       0x7c thirdparty/RTOS/freertos/FreeRTOSV10.0.0/Source/queue.o
 .text.prvNotifyQueueSetContainer
                0x004016ac       0x8c thirdparty/RTOS/freertos/FreeRTOSV10.0.0/Source/queue.o
 .text.prvCopyDataFromQueue
                0x00401738       0x28 thirdparty/RTOS/freertos/FreeRTOSV10.0.0/Source/queue.o
 .text.prvUnlockQueue
                0x00401760       0xa8 thirdparty/RTOS/freertos/FreeRTOSV10.0.0/Source/queue.o
 .text.xQueueGenericReset
                0x00401808       0x94 thirdparty/RTOS/freertos/FreeRTOSV10.0.0/Source/queue.o
                0x00401808                xQueueGenericReset
 .text.xQueueGenericCreate
                0x0040189c       0x5c thirdparty/RTOS/freertos/FreeRTOSV10.0.0/Source/queue.o
                0x0040189c                xQueueGenericCreate
 .text.xQueueCreateCountingSemaphore
                0x004018f8       0x4c thirdparty/RTOS/freertos/FreeRTOSV10.0.0/Source/queue.o
                0x004018f8                xQueueCreateCountingSemaphore
 .text.xQueueGenericSend
                0x00401944      0x1f0 thirdparty/RTOS/freertos/FreeRTOSV10.0.0/Source/queue.o
                0x00401944                xQueueGenericSend
 .text.xQueueCreateMutex
                0x00401b34       0x2c thirdparty/RTOS/freertos/FreeRTOSV10.0.0/Source/queue.o
                0x00401b34                xQueueCreateMutex
 .text.xQueueGenericSendFromISR
                0x00401b60      0x114 thirdparty/RTOS/freertos/FreeRTOSV10.0.0/Source/queue.o
                0x00401b60                xQueueGenericSendFromISR
 .text.xQueueGiveFromISR
                0x00401c74       0xe4 thirdparty/RTOS/freertos/FreeRTOSV10.0.0/Source/queue.o
                0x00401c74                xQueueGiveFromISR
 .text.xQueueReceive
                0x00401d58      0x198 thirdparty/RTOS/freertos/FreeRTOSV10.0.0/Source/queue.o
                0x00401d58                xQueueReceive
 .text.xQueueSemaphoreTake
                0x00401ef0      0x1f4 thirdparty/RTOS/freertos/FreeRTOSV10.0.0/Source/queue.o
                0x00401ef0                xQueueSemaphoreTake
 .text.vQueueDelete
                0x004020e4       0x24 thirdparty/RTOS/freertos/FreeRTOSV10.0.0/Source/queue.o
                0x004020e4                vQueueDelete
 .text.vQueueWaitForMessageRestricted
                0x00402108       0x64 thirdparty/RTOS/freertos/FreeRTOSV10.0.0/Source/queue.o
                0x00402108                vQueueWaitForMessageRestricted
 .text.prvTaskIsTaskSuspended
                0x0040216c       0x40 thirdparty/RTOS/freertos/FreeRTOSV10.0.0/Source/tasks.o
 .text.prvIdleTask
                0x004021ac       0x24 thirdparty/RTOS/freertos/FreeRTOSV10.0.0/Source/tasks.o
 .text.prvResetNextTaskUnblockTime
                0x004021d0       0x2c thirdparty/RTOS/freertos/FreeRTOSV10.0.0/Source/tasks.o
 .text.prvAddCurrentTaskToDelayedList
                0x004021fc       0x7c thirdparty/RTOS/freertos/FreeRTOSV10.0.0/Source/tasks.o
 .text.xTaskCreate
                0x00402278      0x1dc thirdparty/RTOS/freertos/FreeRTOSV10.0.0/Source/tasks.o
                0x00402278                xTaskCreate
 .text.eTaskGetState
                0x00402454       0x74 thirdparty/RTOS/freertos/FreeRTOSV10.0.0/Source/tasks.o
                0x00402454                eTaskGetState
 .text.vTaskResume
                0x004024c8       0xa0 thirdparty/RTOS/freertos/FreeRTOSV10.0.0/Source/tasks.o
                0x004024c8                vTaskResume
 .text.vTaskStartScheduler
                0x00402568       0x90 thirdparty/RTOS/freertos/FreeRTOSV10.0.0/Source/tasks.o
                0x00402568                vTaskStartScheduler
 .text.vTaskSuspendAll
                0x004025f8       0x14 thirdparty/RTOS/freertos/FreeRTOSV10.0.0/Source/tasks.o
                0x004025f8                vTaskSuspendAll
 .text.xTaskGetTickCount
                0x0040260c        0xc thirdparty/RTOS/freertos/FreeRTOSV10.0.0/Source/tasks.o
                0x0040260c                xTaskGetTickCount
 .text.uxTaskGetNumberOfTasks
                0x00402618        0xc thirdparty/RTOS/freertos/FreeRTOSV10.0.0/Source/tasks.o
                0x00402618                uxTaskGetNumberOfTasks
 .text.xTaskIncrementTick
                0x00402624      0x128 thirdparty/RTOS/freertos/FreeRTOSV10.0.0/Source/tasks.o
                0x00402624                xTaskIncrementTick
 .text.xTaskResumeAll
                0x0040274c      0x110 thirdparty/RTOS/freertos/FreeRTOSV10.0.0/Source/tasks.o
                0x0040274c                xTaskResumeAll
 .text.vTaskDelay
                0x0040285c       0x5c thirdparty/RTOS/freertos/FreeRTOSV10.0.0/Source/tasks.o
                0x0040285c                vTaskDelay
 .text.vTaskSwitchContext
                0x004028b8       0xa0 thirdparty/RTOS/freertos/FreeRTOSV10.0.0/Source/tasks.o
                0x004028b8                vTaskSwitchContext
 .text.vTaskSuspend
                0x00402958       0xdc thirdparty/RTOS/freertos/FreeRTOSV10.0.0/Source/tasks.o
                0x00402958                vTaskSuspend
 .text.vTaskPlaceOnEventList
                0x00402a34       0x40 thirdparty/RTOS/freertos/FreeRTOSV10.0.0/Source/tasks.o
                0x00402a34                vTaskPlaceOnEventList
 .text.vTaskPlaceOnEventListRestricted
                0x00402a74       0x48 thirdparty/RTOS/freertos/FreeRTOSV10.0.0/Source/tasks.o
                0x00402a74                vTaskPlaceOnEventListRestricted
 .text.xTaskRemoveFromEventList
                0x00402abc       0x94 thirdparty/RTOS/freertos/FreeRTOSV10.0.0/Source/tasks.o
                0x00402abc                xTaskRemoveFromEventList
 .text.vTaskInternalSetTimeOutState
                0x00402b50       0x14 thirdparty/RTOS/freertos/FreeRTOSV10.0.0/Source/tasks.o
                0x00402b50                vTaskInternalSetTimeOutState
 .text.xTaskCheckForTimeOut
                0x00402b64       0x94 thirdparty/RTOS/freertos/FreeRTOSV10.0.0/Source/tasks.o
                0x00402b64                xTaskCheckForTimeOut
 .text.vTaskMissedYield
                0x00402bf8       0x10 thirdparty/RTOS/freertos/FreeRTOSV10.0.0/Source/tasks.o
                0x00402bf8                vTaskMissedYield
 .text.vTaskGetInfo
                0x00402c08       0x9c thirdparty/RTOS/freertos/FreeRTOSV10.0.0/Source/tasks.o
                0x00402c08                vTaskGetInfo
 .text.prvListTasksWithinSingleList
                0x00402ca4       0x6c thirdparty/RTOS/freertos/FreeRTOSV10.0.0/Source/tasks.o
 .text.uxTaskGetSystemState
                0x00402d10       0xa0 thirdparty/RTOS/freertos/FreeRTOSV10.0.0/Source/tasks.o
                0x00402d10                uxTaskGetSystemState
 .text.xTaskGetSchedulerState
                0x00402db0       0x20 thirdparty/RTOS/freertos/FreeRTOSV10.0.0/Source/tasks.o
                0x00402db0                xTaskGetSchedulerState
 .text.xTaskPriorityInherit
                0x00402dd0       0xa4 thirdparty/RTOS/freertos/FreeRTOSV10.0.0/Source/tasks.o
                0x00402dd0                xTaskPriorityInherit
 .text.xTaskPriorityDisinherit
                0x00402e74       0xa0 thirdparty/RTOS/freertos/FreeRTOSV10.0.0/Source/tasks.o
                0x00402e74                xTaskPriorityDisinherit
 .text.vTaskPriorityDisinheritAfterTimeout
                0x00402f14       0xb0 thirdparty/RTOS/freertos/FreeRTOSV10.0.0/Source/tasks.o
                0x00402f14                vTaskPriorityDisinheritAfterTimeout
 .text.vTaskList
                0x00402fc4      0x128 thirdparty/RTOS/freertos/FreeRTOSV10.0.0/Source/tasks.o
                0x00402fc4                vTaskList
 .text.pvTaskIncrementMutexHeldCount
                0x004030ec       0x20 thirdparty/RTOS/freertos/FreeRTOSV10.0.0/Source/tasks.o
                0x004030ec                pvTaskIncrementMutexHeldCount
 .text.prvInsertTimerInActiveList
                0x0040310c       0x48 thirdparty/RTOS/freertos/FreeRTOSV10.0.0/Source/timers.o
 .text.prvCheckForValidListAndQueue
                0x00403154       0x4c thirdparty/RTOS/freertos/FreeRTOSV10.0.0/Source/timers.o
 .text.xTimerCreateTimerTask
                0x004031a0       0x58 thirdparty/RTOS/freertos/FreeRTOSV10.0.0/Source/timers.o
                0x004031a0                xTimerCreateTimerTask
 .text.xTimerGenericCommand
                0x004031f8       0x70 thirdparty/RTOS/freertos/FreeRTOSV10.0.0/Source/timers.o
                0x004031f8                xTimerGenericCommand
 .text.prvSampleTimeNow
                0x00403268       0xb0 thirdparty/RTOS/freertos/FreeRTOSV10.0.0/Source/timers.o
 .text.prvTimerTask
                0x00403318      0x1dc thirdparty/RTOS/freertos/FreeRTOSV10.0.0/Source/timers.o
 .text.__libc_init_array
                0x004034f4       0x48 c:/program files (x86)/atmel/studio/7.0/toolchain/arm/arm-gnu-toolchain/bin/../lib/gcc/arm-none-eabi/6.3.1/../../../../arm-none-eabi/lib/thumb/v7e-m\libc_nano.a(lib_a-init.o)
                0x004034f4                __libc_init_array
 .text.memcpy   0x0040353c       0x16 c:/program files (x86)/atmel/studio/7.0/toolchain/arm/arm-gnu-toolchain/bin/../lib/gcc/arm-none-eabi/6.3.1/../../../../arm-none-eabi/lib/thumb/v7e-m\libc_nano.a(lib_a-memcpy-stub.o)
                0x0040353c                memcpy
 .text.memset   0x00403552       0x10 c:/program files (x86)/atmel/studio/7.0/toolchain/arm/arm-gnu-toolchain/bin/../lib/gcc/arm-none-eabi/6.3.1/../../../../arm-none-eabi/lib/thumb/v7e-m\libc_nano.a(lib_a-memset.o)
                0x00403552                memset
 .text.strcpy   0x00403562       0x10 c:/program files (x86)/atmel/studio/7.0/toolchain/arm/arm-gnu-toolchain/bin/../lib/gcc/arm-none-eabi/6.3.1/../../../../arm-none-eabi/lib/thumb/v7e-m\libc_nano.a(lib_a-strcpy.o)
                0x00403562                strcpy
 .text          0x00403572       0x10 c:/program files (x86)/atmel/studio/7.0/toolchain/arm/arm-gnu-toolchain/bin/../lib/gcc/arm-none-eabi/6.3.1/../../../../arm-none-eabi/lib/thumb/v7e-m\libc_nano.a(lib_a-strlen.o)
                0x00403572                strlen
 *(.glue_7t)
 .glue_7t       0x00403582        0x0 linker stubs
 *(.glue_7)
 .glue_7        0x00403582        0x0 linker stubs
 *(.rodata .rodata* .gnu.linkonce.r.*)
 *fill*         0x00403582        0x2 
 .rodata.str1.4
                0x00403584       0x14 hal/src/hal_io.o
 .rodata.str1.4
                0x00403598       0x1a hal/src/hal_usart_os.o
 *fill*         0x004035b2        0x2 
 .rodata.str1.4
                0x004035b4       0x24 hal/utils/src/utils_ringbuffer.o
 .rodata        0x004035d8        0xc hpl/usart/hpl_usart.o
 .rodata.str1.4
                0x004035e4       0x19 hpl/usart/hpl_usart.o
 *fill*         0x004035fd        0x3 
 .rodata        0x00403600       0x28 rtos_demo_main.o
 .rodata.str1.4
                0x00403628      0x167 rtos_demo_main.o
                                0x16b (size before relaxing)
 *fill*         0x0040378f        0x1 
 .rodata.str1.4
                0x00403790       0x38 thirdparty/RTOS/freertos/FreeRTOSV10.0.0/rtos_port.o
 .rodata.str1.4
                0x004037c8       0x17 thirdparty/RTOS/freertos/FreeRTOSV10.0.0/Source/tasks.o
 *fill*         0x004037df        0x1 
 .rodata.str1.4
                0x004037e0        0x8 thirdparty/RTOS/freertos/FreeRTOSV10.0.0/Source/timers.o
 *(.ARM.extab* .gnu.linkonce.armextab.*)
                0x004037e8                . = ALIGN (0x4)
 *(.init)
 .init          0x004037e8        0x4 c:/program files (x86)/atmel/studio/7.0/toolchain/arm/arm-gnu-toolchain/bin/../lib/gcc/arm-none-eabi/6.3.1/thumb/v7e-m/crti.o
                0x004037e8                _init
 .init          0x004037ec        0x8 c:/program files (x86)/atmel/studio/7.0/toolchain/arm/arm-gnu-toolchain/bin/../lib/gcc/arm-none-eabi/6.3.1/thumb/v7e-m/crtn.o
                0x004037f4                . = ALIGN (0x4)
                0x004037f4                __preinit_array_start = .
 *(.preinit_array)
                0x004037f4                __preinit_array_end = .
                0x004037f4                . = ALIGN (0x4)
                0x004037f4                __init_array_start = .
 *(SORT(.init_array.*))
 *(.init_array)
 .init_array    0x004037f4        0x4 c:/program files (x86)/atmel/studio/7.0/toolchain/arm/arm-gnu-toolchain/bin/../lib/gcc/arm-none-eabi/6.3.1/thumb/v7e-m/crtbegin.o
                0x004037f8                __init_array_end = .
                0x004037f8                . = ALIGN (0x4)
 *crtbegin.o(.ctors)
 *(EXCLUDE_FILE(*crtend.o) .ctors)
 *(SORT(.ctors.*))
 *crtend.o(.ctors)
                0x004037f8                . = ALIGN (0x4)
 *(.fini)
 .fini          0x004037f8        0x4 c:/program files (x86)/atmel/studio/7.0/toolchain/arm/arm-gnu-toolchain/bin/../lib/gcc/arm-none-eabi/6.3.1/thumb/v7e-m/crti.o
                0x004037f8                _fini
 .fini          0x004037fc        0x8 c:/program files (x86)/atmel/studio/7.0/toolchain/arm/arm-gnu-toolchain/bin/../lib/gcc/arm-none-eabi/6.3.1/thumb/v7e-m/crtn.o
                0x00403804                . = ALIGN (0x4)
                0x00403804                __fini_array_start = .
 *(.fini_array)
 .fini_array    0x00403804        0x4 c:/program files (x86)/atmel/studio/7.0/toolchain/arm/arm-gnu-toolchain/bin/../lib/gcc/arm-none-eabi/6.3.1/thumb/v7e-m/crtbegin.o
 *(SORT(.fini_array.*))
                0x00403808                __fini_array_end = .
 *crtbegin.o(.dtors)
 *(EXCLUDE_FILE(*crtend.o) .dtors)
 *(SORT(.dtors.*))
 *crtend.o(.dtors)
                0x00403808                . = ALIGN (0x4)
                0x00403808                _efixed = .
                [!provide]                PROVIDE (__exidx_start, .)

.vfp11_veneer   0x00403808        0x0
 .vfp11_veneer  0x00403808        0x0 linker stubs

.v4_bx          0x00403808        0x0
 .v4_bx         0x00403808        0x0 linker stubs

.iplt           0x00403808        0x0
 .iplt          0x00403808        0x0 c:/program files (x86)/atmel/studio/7.0/toolchain/arm/arm-gnu-toolchain/bin/../lib/gcc/arm-none-eabi/6.3.1/thumb/v7e-m/crtbegin.o

.eh_frame       0x00403808        0x0
 .eh_frame      0x00403808        0x0 c:/program files (x86)/atmel/studio/7.0/toolchain/arm/arm-gnu-toolchain/bin/../lib/gcc/arm-none-eabi/6.3.1/thumb/v7e-m/crtbegin.o

.rel.dyn        0x00403808        0x0
 .rel.iplt      0x00403808        0x0 c:/program files (x86)/atmel/studio/7.0/toolchain/arm/arm-gnu-toolchain/bin/../lib/gcc/arm-none-eabi/6.3.1/thumb/v7e-m/crtbegin.o

.jcr            0x00403808        0x0
 .jcr           0x00403808        0x0 c:/program files (x86)/atmel/studio/7.0/toolchain/arm/arm-gnu-toolchain/bin/../lib/gcc/arm-none-eabi/6.3.1/thumb/v7e-m/crtbegin.o

.igot.plt       0x00403808        0x0
 .igot.plt      0x00403808        0x0 c:/program files (x86)/atmel/studio/7.0/toolchain/arm/arm-gnu-toolchain/bin/../lib/gcc/arm-none-eabi/6.3.1/thumb/v7e-m/crtbegin.o

.ARM.exidx
 *(.ARM.exidx* .gnu.linkonce.armexidx.*)
                [!provide]                PROVIDE (__exidx_end, .)
                0x00403808                . = ALIGN (0x4)
                0x00403808                _etext = .

.relocate       0x20400000        0x8 load address 0x00403808
                0x20400000                . = ALIGN (0x4)
                0x20400000                _srelocate = .
 *(.ramfunc .ramfunc.*)
 *(.data .data.*)
 .data          0x20400000        0x4 thirdparty/RTOS/freertos/FreeRTOSV10.0.0/Source/portable/GCC/ARM_CM7/port.o
 .data          0x20400004        0x4 thirdparty/RTOS/freertos/FreeRTOSV10.0.0/Source/portable/MemMang/heap_2.o
                0x20400008                . = ALIGN (0x4)
                0x20400008                _erelocate = .

.bss            0x20400008      0xbb0 load address 0x00403810
                0x20400008                . = ALIGN (0x4)
                0x20400008                _sbss = .
                0x20400008                _szero = .
 *(.bss .bss.*)
 .bss           0x20400008       0x1c c:/program files (x86)/atmel/studio/7.0/toolchain/arm/arm-gnu-toolchain/bin/../lib/gcc/arm-none-eabi/6.3.1/thumb/v7e-m/crtbegin.o
 .bss           0x20400024        0x4 hpl/usart/hpl_usart.o
 .bss           0x20400028       0x90 rtos_demo_main.o
 .bss           0x204000b8        0x8 thirdparty/RTOS/freertos/FreeRTOSV10.0.0/Source/portable/GCC/ARM_CM7/port.o
 .bss           0x204000c0      0x974 thirdparty/RTOS/freertos/FreeRTOSV10.0.0/Source/portable/MemMang/heap_2.o
 .bss           0x20400a34       0xec thirdparty/RTOS/freertos/FreeRTOSV10.0.0/Source/tasks.o
                0x20400acc                pxCurrentTCB
 .bss           0x20400b20       0x3c thirdparty/RTOS/freertos/FreeRTOSV10.0.0/Source/timers.o
 *(COMMON)
 COMMON         0x20400b5c       0x5c driver_init.o
                0x20400b5c                EDBG_COM_buffer
                0x20400b6c                EDBG_COM
                0x20400bb8                . = ALIGN (0x4)
                0x20400bb8                _ebss = .
                0x20400bb8                _ezero = .

.heap           0x20400bb8      0x200 load address 0x004043c0
                0x20400bb8                . = ALIGN (0x8)
                0x20400bb8                _sheap = .
                0x20400db8                . = (. + HEAP_SIZE)
 *fill*         0x20400bb8      0x200 
                0x20400db8                . = ALIGN (0x8)
                0x20400db8                _eheap = .

.stack          0x20400db8      0x400 load address 0x004045c0
                0x20400db8                . = ALIGN (0x8)
                0x20400db8                _sstack = .
                0x204011b8                . = (. + STACK_SIZE)
 *fill*         0x20400db8      0x400 
                0x204011b8                . = ALIGN (0x8)
                0x204011b8                _estack = .
                0x204011b8                . = ALIGN (0x4)
                0x204011b8                _end = .
                0x2045ffff                _ram_end_ = ((ORIGIN (ram) + LENGTH (ram)) - 0x1)
OUTPUT(RTOS demo.elf elf32-littlearm)

.ARM.attributes
                0x00000000       0x2e
 .ARM.attributes
                0x00000000       0x1e c:/program files (x86)/atmel/studio/7.0/toolchain/arm/arm-gnu-toolchain/bin/../lib/gcc/arm-none-eabi/6.3.1/thumb/v7e-m/crti.o
 .ARM.attributes
                0x0000001e       0x2e c:/program files (x86)/atmel/studio/7.0/toolchain/arm/arm-gnu-toolchain/bin/../lib/gcc/arm-none-eabi/6.3.1/thumb/v7e-m/crtbegin.o
 .ARM.attributes
                0x0000004c       0x37 atmel_start.o
 .ARM.attributes
                0x00000083       0x37 Device_Startup/startup_samv71q21b.o
 .ARM.attributes
                0x000000ba       0x37 driver_init.o
 .ARM.attributes
                0x000000f1       0x37 hal/src/hal_atomic.o
 .ARM.attributes
                0x00000128       0x37 hal/src/hal_io.o
 .ARM.attributes
                0x0000015f       0x37 hal/src/hal_usart_os.o
 .ARM.attributes
                0x00000196       0x37 hal/utils/src/utils_assert.o
 .ARM.attributes
                0x000001cd       0x37 hal/utils/src/utils_ringbuffer.o
 .ARM.attributes
                0x00000204       0x37 hpl/core/hpl_init.o
 .ARM.attributes
                0x0000023b       0x37 hpl/pmc/hpl_pmc.o
 .ARM.attributes
                0x00000272       0x37 hpl/usart/hpl_usart.o
 .ARM.attributes
                0x000002a9       0x37 rtos_demo_main.o
 .ARM.attributes
                0x000002e0       0x37 thirdparty/RTOS/freertos/FreeRTOSV10.0.0/rtos_port.o
 .ARM.attributes
                0x00000317       0x37 thirdparty/RTOS/freertos/FreeRTOSV10.0.0/Source/list.o
 .ARM.attributes
                0x0000034e       0x37 thirdparty/RTOS/freertos/FreeRTOSV10.0.0/Source/portable/GCC/ARM_CM7/port.o
 .ARM.attributes
                0x00000385       0x37 thirdparty/RTOS/freertos/FreeRTOSV10.0.0/Source/portable/MemMang/heap_2.o
 .ARM.attributes
                0x000003bc       0x37 thirdparty/RTOS/freertos/FreeRTOSV10.0.0/Source/queue.o
 .ARM.attributes
                0x000003f3       0x37 thirdparty/RTOS/freertos/FreeRTOSV10.0.0/Source/tasks.o
 .ARM.attributes
                0x0000042a       0x37 thirdparty/RTOS/freertos/FreeRTOSV10.0.0/Source/timers.o
 .ARM.attributes
                0x00000461       0x2e c:/program files (x86)/atmel/studio/7.0/toolchain/arm/arm-gnu-toolchain/bin/../lib/gcc/arm-none-eabi/6.3.1/../../../../arm-none-eabi/lib/thumb/v7e-m\libc_nano.a(lib_a-init.o)
 .ARM.attributes
                0x0000048f       0x2e c:/program files (x86)/atmel/studio/7.0/toolchain/arm/arm-gnu-toolchain/bin/../lib/gcc/arm-none-eabi/6.3.1/../../../../arm-none-eabi/lib/thumb/v7e-m\libc_nano.a(lib_a-memcpy-stub.o)
 .ARM.attributes
                0x000004bd       0x2e c:/program files (x86)/atmel/studio/7.0/toolchain/arm/arm-gnu-toolchain/bin/../lib/gcc/arm-none-eabi/6.3.1/../../../../arm-none-eabi/lib/thumb/v7e-m\libc_nano.a(lib_a-memset.o)
 .ARM.attributes
                0x000004eb       0x2e c:/program files (x86)/atmel/studio/7.0/toolchain/arm/arm-gnu-toolchain/bin/../lib/gcc/arm-none-eabi/6.3.1/../../../../arm-none-eabi/lib/thumb/v7e-m\libc_nano.a(lib_a-strcpy.o)
 .ARM.attributes
                0x00000519       0x17 c:/program files (x86)/atmel/studio/7.0/toolchain/arm/arm-gnu-toolchain/bin/../lib/gcc/arm-none-eabi/6.3.1/../../../../arm-none-eabi/lib/thumb/v7e-m\libc_nano.a(lib_a-strlen.o)
 .ARM.attributes
                0x00000530       0x1e c:/program files (x86)/atmel/studio/7.0/toolchain/arm/arm-gnu-toolchain/bin/../lib/gcc/arm-none-eabi/6.3.1/thumb/v7e-m/crtn.o

.comment        0x00000000       0x59
 .comment       0x00000000       0x59 atmel_start.o
                                 0x5a (size before relaxing)
 .comment       0x00000059       0x5a Device_Startup/startup_samv71q21b.o
 .comment       0x00000059       0x5a driver_init.o
 .comment       0x00000059       0x5a hal/src/hal_atomic.o
 .comment       0x00000059       0x5a hal/src/hal_io.o
 .comment       0x00000059       0x5a hal/src/hal_usart_os.o
 .comment       0x00000059       0x5a hal/utils/src/utils_assert.o
 .comment       0x00000059       0x5a hal/utils/src/utils_ringbuffer.o
 .comment       0x00000059       0x5a hpl/core/hpl_init.o
 .comment       0x00000059       0x5a hpl/pmc/hpl_pmc.o
 .comment       0x00000059       0x5a hpl/usart/hpl_usart.o
 .comment       0x00000059       0x5a rtos_demo_main.o
 .comment       0x00000059       0x5a thirdparty/RTOS/freertos/FreeRTOSV10.0.0/rtos_port.o
 .comment       0x00000059       0x5a thirdparty/RTOS/freertos/FreeRTOSV10.0.0/Source/list.o
 .comment       0x00000059       0x5a thirdparty/RTOS/freertos/FreeRTOSV10.0.0/Source/portable/GCC/ARM_CM7/port.o
 .comment       0x00000059       0x5a thirdparty/RTOS/freertos/FreeRTOSV10.0.0/Source/portable/MemMang/heap_2.o
 .comment       0x00000059       0x5a thirdparty/RTOS/freertos/FreeRTOSV10.0.0/Source/queue.o
 .comment       0x00000059       0x5a thirdparty/RTOS/freertos/FreeRTOSV10.0.0/Source/tasks.o
 .comment       0x00000059       0x5a thirdparty/RTOS/freertos/FreeRTOSV10.0.0/Source/timers.o

.debug_info     0x00000000    0x149e8
 .debug_info    0x00000000      0x3ec atmel_start.o
 .debug_info    0x000003ec      0xb34 Device_Startup/startup_samv71q21b.o
 .debug_info    0x00000f20     0x21ee driver_init.o
 .debug_info    0x0000310e      0x1fa hal/src/hal_atomic.o
 .debug_info    0x00003308      0x311 hal/src/hal_io.o
 .debug_info    0x00003619     0x11f3 hal/src/hal_usart_os.o
 .debug_info    0x0000480c      0x130 hal/utils/src/utils_assert.o
 .debug_info    0x0000493c      0x342 hal/utils/src/utils_ringbuffer.o
 .debug_info    0x00004c7e      0x6be hpl/core/hpl_init.o
 .debug_info    0x0000533c      0x89b hpl/pmc/hpl_pmc.o
 .debug_info    0x00005bd7     0x35e7 hpl/usart/hpl_usart.o
 .debug_info    0x000091be     0x1da2 rtos_demo_main.o
 .debug_info    0x0000af60      0x6e9 thirdparty/RTOS/freertos/FreeRTOSV10.0.0/rtos_port.o
 .debug_info    0x0000b649      0xbd8 thirdparty/RTOS/freertos/FreeRTOSV10.0.0/Source/list.o
 .debug_info    0x0000c221      0x55b thirdparty/RTOS/freertos/FreeRTOSV10.0.0/Source/portable/GCC/ARM_CM7/port.o
 .debug_info    0x0000c77c      0xc6a thirdparty/RTOS/freertos/FreeRTOSV10.0.0/Source/portable/MemMang/heap_2.o
 .debug_info    0x0000d3e6     0x2ba6 thirdparty/RTOS/freertos/FreeRTOSV10.0.0/Source/queue.o
 .debug_info    0x0000ff8c     0x2ff9 thirdparty/RTOS/freertos/FreeRTOSV10.0.0/Source/tasks.o
 .debug_info    0x00012f85     0x1a63 thirdparty/RTOS/freertos/FreeRTOSV10.0.0/Source/timers.o

.debug_abbrev   0x00000000     0x2d83
 .debug_abbrev  0x00000000      0x109 atmel_start.o
 .debug_abbrev  0x00000109      0x153 Device_Startup/startup_samv71q21b.o
 .debug_abbrev  0x0000025c      0x2fa driver_init.o
 .debug_abbrev  0x00000556      0x155 hal/src/hal_atomic.o
 .debug_abbrev  0x000006ab      0x12d hal/src/hal_io.o
 .debug_abbrev  0x000007d8      0x285 hal/src/hal_usart_os.o
 .debug_abbrev  0x00000a5d       0x9e hal/utils/src/utils_assert.o
 .debug_abbrev  0x00000afb      0x10c hal/utils/src/utils_ringbuffer.o
 .debug_abbrev  0x00000c07      0x1e7 hpl/core/hpl_init.o
 .debug_abbrev  0x00000dee      0x1d2 hpl/pmc/hpl_pmc.o
 .debug_abbrev  0x00000fc0      0x4b1 hpl/usart/hpl_usart.o
 .debug_abbrev  0x00001471      0x489 rtos_demo_main.o
 .debug_abbrev  0x000018fa      0x173 thirdparty/RTOS/freertos/FreeRTOSV10.0.0/rtos_port.o
 .debug_abbrev  0x00001a6d      0x221 thirdparty/RTOS/freertos/FreeRTOSV10.0.0/Source/list.o
 .debug_abbrev  0x00001c8e      0x249 thirdparty/RTOS/freertos/FreeRTOSV10.0.0/Source/portable/GCC/ARM_CM7/port.o
 .debug_abbrev  0x00001ed7      0x2aa thirdparty/RTOS/freertos/FreeRTOSV10.0.0/Source/portable/MemMang/heap_2.o
 .debug_abbrev  0x00002181      0x3b6 thirdparty/RTOS/freertos/FreeRTOSV10.0.0/Source/queue.o
 .debug_abbrev  0x00002537      0x47d thirdparty/RTOS/freertos/FreeRTOSV10.0.0/Source/tasks.o
 .debug_abbrev  0x000029b4      0x3cf thirdparty/RTOS/freertos/FreeRTOSV10.0.0/Source/timers.o

.debug_loc      0x00000000     0x8adb
 .debug_loc     0x00000000       0x20 atmel_start.o
 .debug_loc     0x00000020       0x6b Device_Startup/startup_samv71q21b.o
 .debug_loc     0x0000008b      0x2d2 driver_init.o
 .debug_loc     0x0000035d       0x13 hal/src/hal_atomic.o
 .debug_loc     0x00000370      0x132 hal/src/hal_io.o
 .debug_loc     0x000004a2      0xbdc hal/src/hal_usart_os.o
 .debug_loc     0x0000107e      0x220 hal/utils/src/utils_ringbuffer.o
 .debug_loc     0x0000129e       0x77 hpl/core/hpl_init.o
 .debug_loc     0x00001315      0x1fc hpl/pmc/hpl_pmc.o
 .debug_loc     0x00001511     0x2202 hpl/usart/hpl_usart.o
 .debug_loc     0x00003713      0x6a6 rtos_demo_main.o
 .debug_loc     0x00003db9      0x197 thirdparty/RTOS/freertos/FreeRTOSV10.0.0/rtos_port.o
 .debug_loc     0x00003f50       0x9c thirdparty/RTOS/freertos/FreeRTOSV10.0.0/Source/list.o
 .debug_loc     0x00003fec      0x160 thirdparty/RTOS/freertos/FreeRTOSV10.0.0/Source/portable/GCC/ARM_CM7/port.o
 .debug_loc     0x0000414c      0x24a thirdparty/RTOS/freertos/FreeRTOSV10.0.0/Source/portable/MemMang/heap_2.o
 .debug_loc     0x00004396     0x1b33 thirdparty/RTOS/freertos/FreeRTOSV10.0.0/Source/queue.o
 .debug_loc     0x00005ec9     0x1fc6 thirdparty/RTOS/freertos/FreeRTOSV10.0.0/Source/tasks.o
 .debug_loc     0x00007e8f      0xc4c thirdparty/RTOS/freertos/FreeRTOSV10.0.0/Source/timers.o

.debug_aranges  0x00000000      0x8e8
 .debug_aranges
                0x00000000       0x20 atmel_start.o
 .debug_aranges
                0x00000020       0x28 Device_Startup/startup_samv71q21b.o
 .debug_aranges
                0x00000048       0x38 driver_init.o
 .debug_aranges
                0x00000080       0x30 hal/src/hal_atomic.o
 .debug_aranges
                0x000000b0       0x30 hal/src/hal_io.o
 .debug_aranges
                0x000000e0       0xc0 hal/src/hal_usart_os.o
 .debug_aranges
                0x000001a0       0x20 hal/utils/src/utils_assert.o
 .debug_aranges
                0x000001c0       0x40 hal/utils/src/utils_ringbuffer.o
 .debug_aranges
                0x00000200       0x20 hpl/core/hpl_init.o
 .debug_aranges
                0x00000220       0x20 hpl/pmc/hpl_pmc.o
 .debug_aranges
                0x00000240      0x1c8 hpl/usart/hpl_usart.o
 .debug_aranges
                0x00000408       0x58 rtos_demo_main.o
 .debug_aranges
                0x00000460       0x38 thirdparty/RTOS/freertos/FreeRTOSV10.0.0/rtos_port.o
 .debug_aranges
                0x00000498       0x40 thirdparty/RTOS/freertos/FreeRTOSV10.0.0/Source/list.o
 .debug_aranges
                0x000004d8       0x80 thirdparty/RTOS/freertos/FreeRTOSV10.0.0/Source/portable/GCC/ARM_CM7/port.o
 .debug_aranges
                0x00000558       0x38 thirdparty/RTOS/freertos/FreeRTOSV10.0.0/Source/portable/MemMang/heap_2.o
 .debug_aranges
                0x00000590      0x128 thirdparty/RTOS/freertos/FreeRTOSV10.0.0/Source/queue.o
 .debug_aranges
                0x000006b8      0x198 thirdparty/RTOS/freertos/FreeRTOSV10.0.0/Source/tasks.o
 .debug_aranges
                0x00000850       0x98 thirdparty/RTOS/freertos/FreeRTOSV10.0.0/Source/timers.o

.debug_ranges   0x00000000      0xba0
 .debug_ranges  0x00000000       0x10 atmel_start.o
 .debug_ranges  0x00000010       0x18 Device_Startup/startup_samv71q21b.o
 .debug_ranges  0x00000028       0x28 driver_init.o
 .debug_ranges  0x00000050       0x20 hal/src/hal_atomic.o
 .debug_ranges  0x00000070       0x20 hal/src/hal_io.o
 .debug_ranges  0x00000090       0xb0 hal/src/hal_usart_os.o
 .debug_ranges  0x00000140       0x10 hal/utils/src/utils_assert.o
 .debug_ranges  0x00000150       0x30 hal/utils/src/utils_ringbuffer.o
 .debug_ranges  0x00000180       0x10 hpl/core/hpl_init.o
 .debug_ranges  0x00000190       0x10 hpl/pmc/hpl_pmc.o
 .debug_ranges  0x000001a0      0x228 hpl/usart/hpl_usart.o
 .debug_ranges  0x000003c8      0x120 rtos_demo_main.o
 .debug_ranges  0x000004e8       0x28 thirdparty/RTOS/freertos/FreeRTOSV10.0.0/rtos_port.o
 .debug_ranges  0x00000510       0x30 thirdparty/RTOS/freertos/FreeRTOSV10.0.0/Source/list.o
 .debug_ranges  0x00000540       0x70 thirdparty/RTOS/freertos/FreeRTOSV10.0.0/Source/portable/GCC/ARM_CM7/port.o
 .debug_ranges  0x000005b0       0x28 thirdparty/RTOS/freertos/FreeRTOSV10.0.0/Source/portable/MemMang/heap_2.o
 .debug_ranges  0x000005d8      0x268 thirdparty/RTOS/freertos/FreeRTOSV10.0.0/Source/queue.o
 .debug_ranges  0x00000840      0x288 thirdparty/RTOS/freertos/FreeRTOSV10.0.0/Source/tasks.o
 .debug_ranges  0x00000ac8       0xd8 thirdparty/RTOS/freertos/FreeRTOSV10.0.0/Source/timers.o

.debug_macro    0x00000000    0x3c6d0
 .debug_macro   0x00000000      0x830 atmel_start.o
 .debug_macro   0x00000830      0x8b0 atmel_start.o
 .debug_macro   0x000010e0      0x16d atmel_start.o
 .debug_macro   0x0000124d       0x22 atmel_start.o
 .debug_macro   0x0000126f       0x87 atmel_start.o
 .debug_macro   0x000012f6       0x51 atmel_start.o
 .debug_macro   0x00001347       0xef atmel_start.o
 .debug_macro   0x00001436       0x6a atmel_start.o
 .debug_macro   0x000014a0      0x1df atmel_start.o
 .debug_macro   0x0000167f       0x22 atmel_start.o
 .debug_macro   0x000016a1       0xd7 atmel_start.o
 .debug_macro   0x00001778       0x1c atmel_start.o
 .debug_macro   0x00001794       0x22 atmel_start.o
 .debug_macro   0x000017b6       0xdf atmel_start.o
 .debug_macro   0x00001895     0x12cd atmel_start.o
 .debug_macro   0x00002b62      0x11f atmel_start.o
 .debug_macro   0x00002c81       0x19 atmel_start.o
 .debug_macro   0x00002c9a      0x3e2 atmel_start.o
 .debug_macro   0x0000307c      0x5a9 atmel_start.o
 .debug_macro   0x00003625     0x1797 atmel_start.o
 .debug_macro   0x00004dbc      0x3bb atmel_start.o
 .debug_macro   0x00005177      0x830 atmel_start.o
 .debug_macro   0x000059a7      0x316 atmel_start.o
 .debug_macro   0x00005cbd     0x269d atmel_start.o
 .debug_macro   0x0000835a       0x40 atmel_start.o
 .debug_macro   0x0000839a     0x105e atmel_start.o
 .debug_macro   0x000093f8      0x60b atmel_start.o
 .debug_macro   0x00009a03      0x555 atmel_start.o
 .debug_macro   0x00009f58      0xb8f atmel_start.o
 .debug_macro   0x0000aae7      0x62e atmel_start.o
 .debug_macro   0x0000b115     0x3ac9 atmel_start.o
 .debug_macro   0x0000ebde      0x6bf atmel_start.o
 .debug_macro   0x0000f29d     0x83ff atmel_start.o
 .debug_macro   0x0001769c     0x326e atmel_start.o
 .debug_macro   0x0001a90a     0x24d0 atmel_start.o
 .debug_macro   0x0001cdda      0x87f atmel_start.o
 .debug_macro   0x0001d659      0x17d atmel_start.o
 .debug_macro   0x0001d7d6      0x118 atmel_start.o
 .debug_macro   0x0001d8ee      0x909 atmel_start.o
 .debug_macro   0x0001e1f7      0x125 atmel_start.o
 .debug_macro   0x0001e31c      0x503 atmel_start.o
 .debug_macro   0x0001e81f      0x3e0 atmel_start.o
 .debug_macro   0x0001ebff      0x709 atmel_start.o
 .debug_macro   0x0001f308      0xb64 atmel_start.o
 .debug_macro   0x0001fe6c      0xf03 atmel_start.o
 .debug_macro   0x00020d6f      0xff2 atmel_start.o
 .debug_macro   0x00021d61      0x1a8 atmel_start.o
 .debug_macro   0x00021f09      0x124 atmel_start.o
 .debug_macro   0x0002202d      0xbc2 atmel_start.o
 .debug_macro   0x00022bef      0x5c5 atmel_start.o
 .debug_macro   0x000231b4     0x1afb atmel_start.o
 .debug_macro   0x00024caf      0x664 atmel_start.o
 .debug_macro   0x00025313     0x41a7 atmel_start.o
 .debug_macro   0x000294ba      0x64f atmel_start.o
 .debug_macro   0x00029b09       0xc4 atmel_start.o
 .debug_macro   0x00029bcd      0x12d atmel_start.o
 .debug_macro   0x00029cfa     0x2a5f atmel_start.o
 .debug_macro   0x0002c759       0x7c atmel_start.o
 .debug_macro   0x0002c7d5      0x14e atmel_start.o
 .debug_macro   0x0002c923       0xf4 atmel_start.o
 .debug_macro   0x0002ca17       0xf4 atmel_start.o
 .debug_macro   0x0002cb0b       0x16 atmel_start.o
 .debug_macro   0x0002cb21       0x7c atmel_start.o
 .debug_macro   0x0002cb9d       0x40 atmel_start.o
 .debug_macro   0x0002cbdd      0x623 atmel_start.o
 .debug_macro   0x0002d200       0x40 atmel_start.o
 .debug_macro   0x0002d240      0x7ce atmel_start.o
 .debug_macro   0x0002da0e       0x6a atmel_start.o
 .debug_macro   0x0002da78       0x6a atmel_start.o
 .debug_macro   0x0002dae2       0x88 atmel_start.o
 .debug_macro   0x0002db6a       0xac atmel_start.o
 .debug_macro   0x0002dc16      0x142 atmel_start.o
 .debug_macro   0x0002dd58      0x138 atmel_start.o
 .debug_macro   0x0002de90      0x138 atmel_start.o
 .debug_macro   0x0002dfc8       0xee atmel_start.o
 .debug_macro   0x0002e0b6      0x187 atmel_start.o
 .debug_macro   0x0002e23d      0x180 atmel_start.o
 .debug_macro   0x0002e3bd      0x180 atmel_start.o
 .debug_macro   0x0002e53d      0x180 atmel_start.o
 .debug_macro   0x0002e6bd      0x180 atmel_start.o
 .debug_macro   0x0002e83d      0x121 atmel_start.o
 .debug_macro   0x0002e95e      0x352 atmel_start.o
 .debug_macro   0x0002ecb0      0x352 atmel_start.o
 .debug_macro   0x0002f002       0x82 atmel_start.o
 .debug_macro   0x0002f084       0x22 atmel_start.o
 .debug_macro   0x0002f0a6       0x22 atmel_start.o
 .debug_macro   0x0002f0c8       0x58 atmel_start.o
 .debug_macro   0x0002f120       0x28 atmel_start.o
 .debug_macro   0x0002f148       0x64 atmel_start.o
 .debug_macro   0x0002f1ac       0x94 atmel_start.o
 .debug_macro   0x0002f240       0x7c atmel_start.o
 .debug_macro   0x0002f2bc       0x7c atmel_start.o
 .debug_macro   0x0002f338       0x8e atmel_start.o
 .debug_macro   0x0002f3c6       0x34 atmel_start.o
 .debug_macro   0x0002f3fa      0x1a8 atmel_start.o
 .debug_macro   0x0002f5a2      0x1a8 atmel_start.o
 .debug_macro   0x0002f74a      0x1a8 atmel_start.o
 .debug_macro   0x0002f8f2      0x1a8 atmel_start.o
 .debug_macro   0x0002fa9a       0x3a atmel_start.o
 .debug_macro   0x0002fad4       0x82 atmel_start.o
 .debug_macro   0x0002fb56       0x82 atmel_start.o
 .debug_macro   0x0002fbd8       0x82 atmel_start.o
 .debug_macro   0x0002fc5a       0x70 atmel_start.o
 .debug_macro   0x0002fcca       0x70 atmel_start.o
 .debug_macro   0x0002fd3a       0x70 atmel_start.o
 .debug_macro   0x0002fdaa       0x70 atmel_start.o
 .debug_macro   0x0002fe1a       0x70 atmel_start.o
 .debug_macro   0x0002fe8a       0xf4 atmel_start.o
 .debug_macro   0x0002ff7e       0xf4 atmel_start.o
 .debug_macro   0x00030072       0xf4 atmel_start.o
 .debug_macro   0x00030166      0x71f atmel_start.o
 .debug_macro   0x00030885       0x16 atmel_start.o
 .debug_macro   0x0003089b       0x22 atmel_start.o
 .debug_macro   0x000308bd      0x9bf atmel_start.o
 .debug_macro   0x0003127c      0x59f atmel_start.o
 .debug_macro   0x0003181b     0x2879 atmel_start.o
 .debug_macro   0x00034094      0x169 atmel_start.o
 .debug_macro   0x000341fd       0x10 atmel_start.o
 .debug_macro   0x0003420d       0x10 atmel_start.o
 .debug_macro   0x0003421d       0x16 atmel_start.o
 .debug_macro   0x00034233       0x16 atmel_start.o
 .debug_macro   0x00034249       0x16 atmel_start.o
 .debug_macro   0x0003425f       0x16 atmel_start.o
 .debug_macro   0x00034275       0x16 atmel_start.o
 .debug_macro   0x0003428b       0x16 atmel_start.o
 .debug_macro   0x000342a1       0x16 atmel_start.o
 .debug_macro   0x000342b7       0x16 atmel_start.o
 .debug_macro   0x000342cd       0x16 atmel_start.o
 .debug_macro   0x000342e3       0x16 atmel_start.o
 .debug_macro   0x000342f9       0x16 atmel_start.o
 .debug_macro   0x0003430f       0x16 atmel_start.o
 .debug_macro   0x00034325       0x16 atmel_start.o
 .debug_macro   0x0003433b       0x16 atmel_start.o
 .debug_macro   0x00034351       0x16 atmel_start.o
 .debug_macro   0x00034367       0x16 atmel_start.o
 .debug_macro   0x0003437d       0x16 atmel_start.o
 .debug_macro   0x00034393       0x16 atmel_start.o
 .debug_macro   0x000343a9       0x16 atmel_start.o
 .debug_macro   0x000343bf       0x16 atmel_start.o
 .debug_macro   0x000343d5       0x16 atmel_start.o
 .debug_macro   0x000343eb       0x16 atmel_start.o
 .debug_macro   0x00034401       0x16 atmel_start.o
 .debug_macro   0x00034417       0x16 atmel_start.o
 .debug_macro   0x0003442d       0x16 atmel_start.o
 .debug_macro   0x00034443       0x16 atmel_start.o
 .debug_macro   0x00034459       0x16 atmel_start.o
 .debug_macro   0x0003446f      0x27e atmel_start.o
 .debug_macro   0x000346ed       0x16 atmel_start.o
 .debug_macro   0x00034703       0x16 atmel_start.o
 .debug_macro   0x00034719       0x16 atmel_start.o
 .debug_macro   0x0003472f      0x373 atmel_start.o
 .debug_macro   0x00034aa2       0xa9 atmel_start.o
 .debug_macro   0x00034b4b       0x16 atmel_start.o
 .debug_macro   0x00034b61       0x16 atmel_start.o
 .debug_macro   0x00034b77       0x16 atmel_start.o
 .debug_macro   0x00034b8d       0xca atmel_start.o
 .debug_macro   0x00034c57       0x1c atmel_start.o
 .debug_macro   0x00034c73       0x16 atmel_start.o
 .debug_macro   0x00034c89       0x2e atmel_start.o
 .debug_macro   0x00034cb7       0x40 atmel_start.o
 .debug_macro   0x00034cf7      0x189 atmel_start.o
 .debug_macro   0x00034e80      0x15a atmel_start.o
 .debug_macro   0x00034fda       0xc2 atmel_start.o
 .debug_macro   0x0003509c       0x10 atmel_start.o
 .debug_macro   0x000350ac       0x1f atmel_start.o
 .debug_macro   0x000350cb      0x45c atmel_start.o
 .debug_macro   0x00035527       0x86 atmel_start.o
 .debug_macro   0x000355ad       0x7e atmel_start.o
 .debug_macro   0x0003562b       0xb5 atmel_start.o
 .debug_macro   0x000356e0       0x8c atmel_start.o
 .debug_macro   0x0003576c       0x1c atmel_start.o
 .debug_macro   0x00035788      0x49c Device_Startup/startup_samv71q21b.o
 .debug_macro   0x00035c24       0xd1 Device_Startup/startup_samv71q21b.o
 .debug_macro   0x00035cf5      0x84f driver_init.o
 .debug_macro   0x00036544       0x10 driver_init.o
 .debug_macro   0x00036554       0xc9 driver_init.o
 .debug_macro   0x0003661d      0x669 hal/src/hal_atomic.o
 .debug_macro   0x00036c86      0x67e hal/src/hal_io.o
 .debug_macro   0x00037304      0x79f hal/src/hal_usart_os.o
 .debug_macro   0x00037aa3      0x673 hal/utils/src/utils_assert.o
 .debug_macro   0x00038116       0x10 hal/utils/src/utils_assert.o
 .debug_macro   0x00038126      0x678 hal/utils/src/utils_ringbuffer.o
 .debug_macro   0x0003879e      0x6e1 hpl/core/hpl_init.o
 .debug_macro   0x00038e7f      0x324 hpl/core/hpl_init.o
 .debug_macro   0x000391a3      0x9df hpl/core/hpl_init.o
 .debug_macro   0x00039b82      0x692 hpl/pmc/hpl_pmc.o
 .debug_macro   0x0003a214      0x6d9 hpl/usart/hpl_usart.o
 .debug_macro   0x0003a8ed       0x9f hpl/usart/hpl_usart.o
 .debug_macro   0x0003a98c      0x9f0 rtos_demo_main.o
 .debug_macro   0x0003b37c       0x16 rtos_demo_main.o
 .debug_macro   0x0003b392      0x73f thirdparty/RTOS/freertos/FreeRTOSV10.0.0/rtos_port.o
 .debug_macro   0x0003bad1      0x18a thirdparty/RTOS/freertos/FreeRTOSV10.0.0/Source/list.o
 .debug_macro   0x0003bc5b      0x193 thirdparty/RTOS/freertos/FreeRTOSV10.0.0/Source/portable/GCC/ARM_CM7/port.o
 .debug_macro   0x0003bdee      0x1b7 thirdparty/RTOS/freertos/FreeRTOSV10.0.0/Source/portable/MemMang/heap_2.o
 .debug_macro   0x0003bfa5      0x206 thirdparty/RTOS/freertos/FreeRTOSV10.0.0/Source/queue.o
 .debug_macro   0x0003c1ab      0x32c thirdparty/RTOS/freertos/FreeRTOSV10.0.0/Source/tasks.o
 .debug_macro   0x0003c4d7       0x10 thirdparty/RTOS/freertos/FreeRTOSV10.0.0/Source/tasks.o
 .debug_macro   0x0003c4e7       0x1c thirdparty/RTOS/freertos/FreeRTOSV10.0.0/Source/tasks.o
 .debug_macro   0x0003c503      0x1cd thirdparty/RTOS/freertos/FreeRTOSV10.0.0/Source/timers.o

.debug_line     0x00000000     0xe867
 .debug_line    0x00000000      0xf5f atmel_start.o
 .debug_line    0x00000f5f      0x8fd Device_Startup/startup_samv71q21b.o
 .debug_line    0x0000185c     0x1027 driver_init.o
 .debug_line    0x00002883      0xc78 hal/src/hal_atomic.o
 .debug_line    0x000034fb      0xc70 hal/src/hal_io.o
 .debug_line    0x0000416b     0x1050 hal/src/hal_usart_os.o
 .debug_line    0x000051bb      0xc4d hal/utils/src/utils_assert.o
 .debug_line    0x00005e08      0xcc5 hal/utils/src/utils_ringbuffer.o
 .debug_line    0x00006acd      0xd33 hpl/core/hpl_init.o
 .debug_line    0x00007800      0xcf5 hpl/pmc/hpl_pmc.o
 .debug_line    0x000084f5     0x13e8 hpl/usart/hpl_usart.o
 .debug_line    0x000098dd     0x124e rtos_demo_main.o
 .debug_line    0x0000ab2b      0xe67 thirdparty/RTOS/freertos/FreeRTOSV10.0.0/rtos_port.o
 .debug_line    0x0000b992      0x49d thirdparty/RTOS/freertos/FreeRTOSV10.0.0/Source/list.o
 .debug_line    0x0000be2f      0x4e4 thirdparty/RTOS/freertos/FreeRTOSV10.0.0/Source/portable/GCC/ARM_CM7/port.o
 .debug_line    0x0000c313      0x4d1 thirdparty/RTOS/freertos/FreeRTOSV10.0.0/Source/portable/MemMang/heap_2.o
 .debug_line    0x0000c7e4      0xb80 thirdparty/RTOS/freertos/FreeRTOSV10.0.0/Source/queue.o
 .debug_line    0x0000d364      0xe65 thirdparty/RTOS/freertos/FreeRTOSV10.0.0/Source/tasks.o
 .debug_line    0x0000e1c9      0x69e thirdparty/RTOS/freertos/FreeRTOSV10.0.0/Source/timers.o

.debug_str      0x00000000   0x14c6be
 .debug_str     0x00000000   0x13ea0f atmel_start.o
                             0x13f3bb (size before relaxing)
 .debug_str     0x0013ea0f      0x78d Device_Startup/startup_samv71q21b.o
                             0x1353b3 (size before relaxing)
 .debug_str     0x0013f19c     0x127b driver_init.o
                             0x1407cf (size before relaxing)
 .debug_str     0x00140417       0x9c hal/src/hal_atomic.o
                             0x13a76b (size before relaxing)
 .debug_str     0x001404b3       0x44 hal/src/hal_io.o
                             0x13a806 (size before relaxing)
 .debug_str     0x001404f7      0x687 hal/src/hal_usart_os.o
                             0x13fcf1 (size before relaxing)
 .debug_str     0x00140b7e       0x2a hal/utils/src/utils_assert.o
                             0x13a77b (size before relaxing)
 .debug_str     0x00140ba8       0x24 hal/utils/src/utils_ringbuffer.o
                             0x13a80f (size before relaxing)
 .debug_str     0x00140bcc     0x3076 hpl/core/hpl_init.o
                             0x13db94 (size before relaxing)
 .debug_str     0x00143c42      0x1d6 hpl/pmc/hpl_pmc.o
                             0x13b7c4 (size before relaxing)
 .debug_str     0x00143e18     0x129a hpl/usart/hpl_usart.o
                             0x13ca79 (size before relaxing)
 .debug_str     0x001450b2     0x426e rtos_demo_main.o
                             0x143a6a (size before relaxing)
 .debug_str     0x00149320       0x80 thirdparty/RTOS/freertos/FreeRTOSV10.0.0/rtos_port.o
                             0x13f17f (size before relaxing)
 .debug_str     0x001493a0      0x24f thirdparty/RTOS/freertos/FreeRTOSV10.0.0/Source/list.o
                               0x9a51 (size before relaxing)
 .debug_str     0x001495ef      0x7a0 thirdparty/RTOS/freertos/FreeRTOSV10.0.0/Source/portable/GCC/ARM_CM7/port.o
                               0x78d5 (size before relaxing)
 .debug_str     0x00149d8f      0x3da thirdparty/RTOS/freertos/FreeRTOSV10.0.0/Source/portable/MemMang/heap_2.o
                               0xa25e (size before relaxing)
 .debug_str     0x0014a169      0x91d thirdparty/RTOS/freertos/FreeRTOSV10.0.0/Source/queue.o
                               0xb114 (size before relaxing)
 .debug_str     0x0014aa86     0x17cb thirdparty/RTOS/freertos/FreeRTOSV10.0.0/Source/tasks.o
                               0xcd9b (size before relaxing)
 .debug_str     0x0014c251      0x46d thirdparty/RTOS/freertos/FreeRTOSV10.0.0/Source/timers.o
                               0xb39b (size before relaxing)

.debug_frame    0x00000000     0x1948
 .debug_frame   0x00000000       0x28 atmel_start.o
 .debug_frame   0x00000028       0x38 Device_Startup/startup_samv71q21b.o
 .debug_frame   0x00000060       0x68 driver_init.o
 .debug_frame   0x000000c8       0x40 hal/src/hal_atomic.o
 .debug_frame   0x00000108       0x58 hal/src/hal_io.o
 .debug_frame   0x00000160      0x248 hal/src/hal_usart_os.o
 .debug_frame   0x000003a8       0x20 hal/utils/src/utils_assert.o
 .debug_frame   0x000003c8       0x94 hal/utils/src/utils_ringbuffer.o
 .debug_frame   0x0000045c       0x2c hpl/core/hpl_init.o
 .debug_frame   0x00000488       0x20 hpl/pmc/hpl_pmc.o
 .debug_frame   0x000004a8      0x58c hpl/usart/hpl_usart.o
 .debug_frame   0x00000a34      0x134 rtos_demo_main.o
 .debug_frame   0x00000b68       0x78 thirdparty/RTOS/freertos/FreeRTOSV10.0.0/rtos_port.o
 .debug_frame   0x00000be0       0x6c thirdparty/RTOS/freertos/FreeRTOSV10.0.0/Source/list.o
 .debug_frame   0x00000c4c      0x100 thirdparty/RTOS/freertos/FreeRTOSV10.0.0/Source/portable/GCC/ARM_CM7/port.o
 .debug_frame   0x00000d4c       0x70 thirdparty/RTOS/freertos/FreeRTOSV10.0.0/Source/portable/MemMang/heap_2.o
 .debug_frame   0x00000dbc      0x3f8 thirdparty/RTOS/freertos/FreeRTOSV10.0.0/Source/queue.o
 .debug_frame   0x000011b4      0x548 thirdparty/RTOS/freertos/FreeRTOSV10.0.0/Source/tasks.o
 .debug_frame   0x000016fc      0x1b8 thirdparty/RTOS/freertos/FreeRTOSV10.0.0/Source/timers.o
 .debug_frame   0x000018b4       0x2c c:/program files (x86)/atmel/studio/7.0/toolchain/arm/arm-gnu-toolchain/bin/../lib/gcc/arm-none-eabi/6.3.1/../../../../arm-none-eabi/lib/thumb/v7e-m\libc_nano.a(lib_a-init.o)
 .debug_frame   0x000018e0       0x28 c:/program files (x86)/atmel/studio/7.0/toolchain/arm/arm-gnu-toolchain/bin/../lib/gcc/arm-none-eabi/6.3.1/../../../../arm-none-eabi/lib/thumb/v7e-m\libc_nano.a(lib_a-memcpy-stub.o)
 .debug_frame   0x00001908       0x20 c:/program files (x86)/atmel/studio/7.0/toolchain/arm/arm-gnu-toolchain/bin/../lib/gcc/arm-none-eabi/6.3.1/../../../../arm-none-eabi/lib/thumb/v7e-m\libc_nano.a(lib_a-memset.o)
 .debug_frame   0x00001928       0x20 c:/program files (x86)/atmel/studio/7.0/toolchain/arm/arm-gnu-toolchain/bin/../lib/gcc/arm-none-eabi/6.3.1/../../../../arm-none-eabi/lib/thumb/v7e-m\libc_nano.a(lib_a-strcpy.o)
